[    0.00000] Linux version .15.0-167-generic (bildd@lcy02-amd64-045) (gcc version 7.5.0 (Ubuntu 7.5.0-ubuntu~1.04)) #175-Ubunu SM Wed Jan 5 01:56:07 UTC 202 (Ubntu 4.15.0-167.15-genric 4.15.18
    0.00000]Command lne BOOT_IMAGE=bootvmlinuz-4.15.0-167-enric root=LABEL=clouimg-rotfs ro console=tty1 console=ttyS0
[    0.000000] KERNEL supported cpus:
[    0.000000]   Intel GenuineIntel
[    0.000000]   AMD AuthenticAMD
[    0.000000]   Centaur CentaurHauls
[    0.000000] x86/fpu: Supporting XSAVE feature 0x001: 'x87 floating point registers'
[    0.000000] x86/fpu: Suporting XSAVE feature 0x002: 'SSE registers'
[    0.000000] x86/fpu: Spporting XSAVE feature 0x004: 'AVX registers'
[    0.000000] x86/fpu: xstate_offset[2]:  576, xstate_sizes[2]:  256
[    0.000000] x86/fpu: Enabled xstate features 0x7, context size is 832 bytes, using 'standard' format.
[    0.000000] e820: BIOS-provided physical RAM map:
[    0.000000] BIOS-e820: [mem 0x0000000000000000-0x000000000009fbff] usable
[    0.000000] BIOS-e820: [mem 0x000000000009fc00-0x000000000009ffff] reserved
[    0.000000] BIOS-e820: [mem 0x00000000000f0000-0x00000000000fffff] reserved
[    0.000000] BIOS-e820: [mem 0x0000000000100000-0x000000009cfeffff] usable
[    0.000000] BIOS-e820: [mem 0x000000009cff0000-0x000000009cffffff] ACPI data
[    0.000000] BIOS-e820: [mem 0x00000000fec00000-0x00000000fec00fff] reserved
[    0.000000] BIOS-e820: [mem 0x00000000fee00000-0x00000000fee00fff] reserved
[    0.000000] BIOS-e820: [mem 0x00000000fffc0000-0x00000000ffffffff] reserved
[    0.000000] NX (Execute Disable) protection: active
[    0.000000] SMBIOS 2.5 present.
[    0.000000] DMI: innotek GmbH VirtualBox/VirtualBox, BIOS irtualBox 12/1/006
[    0.00000 Hypervisor dtectd: KVM
[   0.00000] e80: last_pfn = 0x9cff0 max_arch_pfn = 0x400000000
[    0.000000] MRR: Diabled
[    0.000000 x86/AT: MTRRs diabed, skippin PAT initializtion to.
[    0.000000] CPU MTRRs all blank- vrtuaizd system.
[    000000] x86/PAT: Configuration 0-7]:WB  WT  UC-UC WB  WT  UC-UC 
[    0.00000 found SMP MP-abe at [mem 0x009fff-0x0009ffff]
[    0.000000] Scanning 1 areas for low memory corruption
[    0.000000]RAMDISK: [mem 0x359cd000-0x36cddff]
[    0.000000] ACPI: Early table checksum verification disabled
[    0.000000] ACPI: RSDP 0x00000000000E0000 000024(v02VBOX  
[   0.0000] ACPI: XSDT 0x00000009CF0030 00003C (v01 VBOX  VBXXSDT 00000001ASL  0000001)
[    0.000000] ACPI: FACP 0x000000009CFF00F0 0000F4 (v04 VBOX   VBOXFACP 00000001 ASL  00000061)
[    0.000000] ACPI: DSDT 0x000000009CFF0470 0021FF (v02 VBOX   VBOXBIOS 00000002 INTL 20100528)
[    0.000000] AI: FACS 0x0000009CFF0200 00004
[   0.000000] CPI: FACS x000000009CFF020000000
[    0.000000] CP: APIC 0x0000009CFF0240 0005C (v2 VBOX   VBOXAPIC 00000001 AL  0000001)
[    0.000000] ACP: SDT 0x0000009CFF02A0 0001CC (v1 VBX   VBOXCPUT 0000002 INTL20100528)
[   0.000000]ACPI: Reserving FAP table memory at [mem 0x9cff00f0-0x9cff01e3]
[    0.000000] ACPI:Reserving DST table meory at [me 09cff040-0x9cf266e]
[   .000000] CPI: esering ACS table memoy t [mem 0x9cf000-0x9cff023f]
[   0.00000] ACPI: Reserving FAS tabe memory at [mem 0x9cff0000x9cff23f]
[    0000000] ACPI:Resering APIC tabe memry at [mem 0x9cff24-0x9cff029b]
[    0.0000] ACPI:Reerving SDTtable memory at [mem 0x9cff02a0-0x9cff46b]
[    0.00000] No NUMA onfiguration found
[    .00000] Faing a node a [mem 0x000000000000000-0x00000009cfeffff]
[    .000000]NODE_DATA(0) allocated [mem 09cfc5000-0x9cfefff]
    0.00000] km-clock: cpu 0, msr 0:9cf4400, rimay cpuclock
[    0.000000] vmclock: Usng msrs 4b54d01 and 4b564d0
[    .000000]kvm-cock: using sche offset o 387636340 cycles
[    0.00000] clocksource: kvm-clock: mask: 0xffffffffffffffff max_cycles: 0x1d42e4dffb, max_dle_n: 881590591483 ns
[   0.00000]Zone ranges:
[    000000]   DMA      [mem 0x000000000000100-0x000000000fffff]
[   .000000]   DM32    [mem0x000000000100000-0000000009cfefff]
[  0.000000]   Nrml   empty
[   0.00000]   Devce  empt
[    0.00000] ovable one start foreah node
[    0.000000] Early emory node rngs
[    0000000]  node   0: [mem0x000000000001000-0x00000000009eff]
[    0.000000]   node   0: [me 0x000000000100000-0x000000009cfeffff]
[    0.00000]Reserved but navalable: 104 pages
[    0.000000] Initmem setup node 0 [mm 0x0000000000001000-0x000000009cfeffff]
[    0.000000] ACPI: PM-Timer IO Port: 0x4008
[    0.000000] IOAPIC[0]: pic_id 2, version 32, addres 0fec00000, GSI 023
    0.000000] ACP: NT_SRC_OVR (bus 0bu_irq 0 gobl_irq 2 dfl dfl)
[   0.0000] ACPI: INT_RC_OR (bus 0 bs_ir 9 global_irq 9 low leve)
[   0.000000] Using ACPI MADT) for SMP confguratn informaio
[    000000] smboot Allowing 2 CPUs, 0 hotplu CPUs
[    0.000000 PM: Registered nosave memry: mem 0x0000000-000000fff]
[   0.000000] PM Registered nosave memory: [mem 0x0009f000-0x0009ffff]
[    0.000000] PM: Registered nosave memory: [mem 0x000a0000-0x000effff]
[    0.000000] P Registered nosave memory: [mem 0x000f0000-0x000fffff]
[    0.000000] e820: [mem 0x9d000000-0xfebfffff] available for PCI devices
[    0.0000000] Booin parairualized kernel on KVM
[    0.00000]clocksource: refine-jiffies: mak: 0xffffffff ax_cycles: 0ffffffff, max_idle_ns: 7645519600211568 ns
[    0.00000] ranom: get_random_bytescalled rom start_kernel+0x99/0x50 with cng_init=0[    0.00000] setu_percpu: NR_CPUS:8192 ncpumask_bits:2 nr_cpu_ids2 nr_noe_ids:1
[   0.00000] percpu: Emedded 50 paes/cpu s167936 r8192 d28672u148576
[    0.00000] PV qspinlock hash tableentries: 256(order: , 4096 bytes
    0.00000] Bult 1 zonelists, moility grouping on.  Total pages: 632889
[    0.000000] Policy zone: DMA32
[    0.000000] Kernel command line: BOOT_IMAGE=/boot/vmlin-4.15.0-167-generic root=LABEL=cloudimg-rootfs ro console=tty1 console=ttyS0
[    0.000000] Memory: 2481780K/2571832K available (12300K kernel code, 2483K rwdata, 4324K rodata, 2476K init, 2724K bss, 905K reserved 0K ma-reserved)
[   .000000] SLUB: Walgn=64, Order=0-3, MinObjects=0, CUs=2, Nodes=1
[    0.00000] Kernl/User page tables iolation: enabld
[    0.00000] frace: alocating 9494 entries in 155 pages
[   0.04000] Hierarcicl RC impleentation.
[   0.004000]	RU restricting CPUs from R_CPUS8192 to nrcp_ids=2.
[   .004000]	Task RCU enabled.
[  0.004000] RCU: Ajusting eometry for rcu_fanout_leaf=16, nr_cpu_ids=2
[    0.004000] NR_IRQS: 524544, nr_irqs: 440, preallocated irqs: 16
[    0.004000] Console: colour VGA+ 0x25
[    0.04000] console [tty1] enabled
[    0.004000] console [ttyS0] enabled
[    0.004000] ACPI: Core revision 20170831
[    0.004000] ACPI: 2 ACPI AML tables successfully acquired and loaded
[    0.004000] APIC: Switch to symmetric I/O mode setup
[    0.004000] x2apic enabled
[    0.004007] Switched APIC routing to physical x2apic.
[    0.009161] ..TIMER: vector=0x30 apic1=0 pin1=2 apic2=-1 pin2=-1
[    0.012006] tsc: Detected 2194.918 MHz processor
[    0.016013] Calibrating delay loop (skipped) preset value.. 4389.83 BogoMIPS (lpj=8779672)
[    0.020006] pid_max: default: 32768 minimum: 301
[    0.024040] Security Framework initialized
[    0.028008] Yama: becoming mindful.
[    0.032055] AppArmor: AppArmor initialized
[    0.037834] Dentry cache hash table entries: 524288 (order: 10, 4194304 bytes)
[    0.041751] Inode-cache hash table entries: 262144 (order: 9, 2097152 bytes)
[    0.044037] Mount-cache hash table entries: 8192 (order: 4, 65536 bytes)
[    0.048025] Mountpoint-cache hash table entries: 8192 (order: 4, 65536 bytes)
[    0.052621] Last level iTLB entries: 4KB 1024, 2MB 1024, 4MB 1024
[    0.056007] Last level dTLB entries: 4KB 1024, 2MB 1024, 4MB 1024, 1GB 4
[    0.060009] Spectre V1 : Mitigation: usercopy/swapgs barriers and __user pointer sanitization
[    0.064008] Spectre V2 : Mitigation: Full generic retpoline
[    0.068008] Spectre V2 : Spectre v2 / SpectreRSB mitigation: Filling RSB on context switch
[    0.072007] Speculative Store Bypass: Vulnerable
[    0.076074] SRBDS: Unknown: Dependent on hypervisor status
[    0.080004] MDS: Mitigation: Clear CPU buffers
[    0.084171] Freeing SMP alternatives memory: 36K
[    0.199087] smpboot: CPU0: Intel(R) Core(TM) i7-4770HQ CPU @ 2.20GHz (family: 0x6, model: 0x46, stepping: 0x1)
[    0.200088] Performance Events: unsupported p6 CPU model 70 no PMU driver, software events only.
[    0.204081] Hierarchical SRCU implementation.
[    0.208760] NMI watchdog: Perf event create on CPU 0 failed with -2
[    0.212007] NMI watchdog: Perf NMI watchdog permanently disabled
[    0.216092] smp: Bringing up secondary CPUs ...
[    0.220092] x86: Booting SMP configuration:
[    0.224005] .... node  #0, CPUs:      #1
[    0.004000] kvm-clock: cpu 1, msr 0:9cf44041, secondary cpu clock
[    0.240025] smp: Brought up 1 node, 2 CPUs
[    0.244009] smpboot: Max logical packages: 1
[    0.248009] smpboot: Total of 2 processors activated (8779.67 BogoMIPS)
[    0.252371] devtmpfs: initialized
[    0.256079] x86/mm: Memory block size: 128MB
[    0.260166] evm: security.selinux
[    0.262288] evm: security.SMACK64
[    0.264006] evm: security.SMACK64EXEC
[    0.265531] evm: security.SMACK64TRANSMUTE
[    0.268003] evm: security.SMACK64MMAP
[    0.272005] evm: security.apparmor
[    0.276006] evm: security.ima
[    0.280005] evm: security.capability
[    0.281732] clocksource: jiffies: mask: 0xffffffff max_cycles: 0xffffffff, max_idle_ns: 7645041785100000 ns
[    0.284043] futex hash table entries: 512 (order: 3, 32768 bytes)
[    0.288047] pinctrl core: initialized pinctrl subsystem
[    0.289830] RTC time:  5:12:02, date: 02/22/22
[    0.292094] NET: Registered protocol family 16
[    0.293472] audit: initializing netlink subsys (disabled)
[    0.294829] audit: type=2000 audit(1645506716.422:1): state=initialized audit_enabled=0 res=1
[    0.296007] cpuidle: using governor ladder
[    0.300020] cpuidle: using governor menu
[    0.304092] ACPI: bus type PCI registered
[    0.308007] acpiphp: ACPI Hot Plug PCI Controller Driver version: 0.5
[    0.312145] PCI: Using configuration type 1 for base access
[    0.320047] HugeTLB registered 2.00 MiB page size, pre-allocated 0 pages
[    0.324088] ACPI: Added _OSI(Module Device)
[    0.328013] ACPI: Added _OSI(Processor Device)
[    0.332016] ACPI: Added _OSI(3.0 _SCP Extensions)
[    0.336005] ACPI: Added _OSI(Processor Aggregator Device)
[    0.340005] ACPI: Added _OSI(Linux-Dell-Video)
[    0.344004] ACPI: Added _OSI(Linux-Lenovo-NV-HDMI-Audio)
[    0.348006] ACPI: Added _OSI(Linux-HPI-Hybrid-Graphics)
[    0.352484] ACPI: Executed 1 blocks of module-level executable AML code
[    0.359155] ACPI: Interpreter enabled
[    0.360027] ACPI: (supports S0 S5)
[    0.364007] ACPI: Using IOAPIC for interrupt routing
[    0.368250] PCI: Using host bridge windows from ACPI; if necessary, use "pci=nocrs" and report a bug
[    0.372286] ACPI: Enabled 2 GPEs in block 00 to 07
[    0.385829] ACPI: PCI Root Bridge [PCI0] (domain 0000 [bus 00-ff])
[    0.388020] acpi PNP0A03:00: _OSC: OS supports [ASPM ClockPM Segments MSI]
[    0.392052] acpi PNP0A03:00: _OSC: not requesting OS control; OS requires [ExtendedConfig ASPM ClockPM MSI]
[    0.396027] acpi PNP0A03:00: fail to add MMCONFIG information, can't access extended PCI configuration space under this bridge.
[    0.400538] PCI host bridge to bus 0000:00
[    0.404007] pci_bus 0000:00: root bus resource [io  0x0000-0x0cf7 window]
[    0.408012] pci_bus 0000:00: root bus resource [io  0x0d00-0xffff window]
[    0.412017] pci_bus 0000:00: root bus resource [mem 0x000a0000-0x000bffff window]
[    0.416007] pci_bus 0000:00: root bus resource [mem 0x9d000000-0xfdffffff window]
[    0.420008] pci_bus 0000:00: root bus resource [bus 00-ff]
[    0.429240] pci 0000:00:01.1: legacy IDE quirk: reg 0x10: [io  0x01f0-0x01f7]
[    0.432006] pci 0000:00:01.1: legacy IDE quirk: reg 0x14: [io  0x03f6]
[    0.436009] pci 0000:00:01.1: legacy IDE quirk: reg 0x18: [io  0x0170-0x0177]
[    0.440011] pci 0000:00:01.1: legacy IDE quirk: reg 0x1c: [io  0x0376]
[    0.475744] pci 0000:00:07.0: quirk: [io  0x4000-0x403f] claimed by PIIX4 ACPI
[    0.476043] pci 0000:00:07.0: quirk: [io  0x4100-0x410f] claimed by PIIX4 SMB
[    0.518971] ACPI: PCI Interrupt Link [LNKA] (IRQs 5 9 10 *11)
[    0.520967] ACPI: PCI Interrupt Link [LNKB] (IRQs 5 9 *10 11)
[    0.524201] ACPI: PCI Interrupt Link [LNKC] (IRQs 5 *9 10 11)
[    0.526401] ACPI: PCI Interrupt Link [LNKD] (IRQs 5 9 10 *11)
[    0.528402] SCSI subsystem initialized
[    0.532030] pci 0000:00:02.0: vgaarb: setting as boot VGA device
[    0.536000] pci 0000:00:02.0: vgaarb: VGA device added: decodes=io+mem,owns=io+mem,locks=none
[    0.536013] pci 0000:00:02.0: vgaarb: bridge control possible
[    0.540008] vgaarb: loaded
[    0.544067] ACPI: bus type USB registered
[    0.548052] usbcore: registered new interface driver usbfs
[    0.552043] usbcore: registered new interface driver hub
[    0.556024] usbcore: registered new device driver usb
[    0.560080] EDAC MC: Ver: 3.0.0
[    0.564423] PCI: Using ACPI for IRQ routing
[    0.565714] NetLabel: Initializing
[    0.568004] NetLabel:  domain hash size = 128
[    0.569378] NetLabel:  protocols = UNLABELED CIPSOv4 CALIPSO
[    0.571417] NetLabel:  unlabeled traffic allowed by default
[    0.572223] clocksource: Switched to clocksource kvm-clock
[    0.589837] VFS: Disk quotas dquot_6.6.0
[    0.591086] VFS: Dquot-cache hash table entries: 512 (order 0, 4096 bytes)
[    0.593258] AppArmor: AppArmor Filesystem Enabled
[    0.594677] pnp: PnP ACPI init
[    0.597024] pnp: PnP ACPI: found 3 devices
[   611681] clocksource: acpi_pm: mask: 0xffffff max_cycles: 0xffffff, max_idle_ns: 2085701024 ns
[    0.691543] NET: Registered protocol family 2
[   0.692994] IP idents hash table entries: 65536 (order: 7, 524288 bytes)

[    0.720225] TCP established hash table entries: 32768 (order: 6, 262144 bytes)
[    0.722312] TCP bind hash table entries: 32768 (order: 7, 524288 bytes)
[    0.724192] TCP: Hash tables configured (established 32768 bind 32768)
[    0.727566] UDP hash table entries: 2048 (order: 4, 65536 bytes)
[    0.729268] UDP-Lite hash table entries: 2048 (order: 4, 65536 bytes)
[    0.730919] NET: Registered protocol family 1
[    0.732043] pci 0000:00:00.0: Limiting direct PCI/PCI transfers
[    0.733538] pci 0000:00:01.0: Activating ISA DMA hang workarounds
[    0.735081] pci 0000:00:02.0: ido device ith sadowed OMat[mm 0x00c00-0000dfff]
[    1044670]Unpckng iitramfs..

[    1.475160] Freeing initrd memory: 19524K
[    1.525579] clocksource: tsc: mask: 0xffffffffffffffff max_cycles: 0x1fa37202099, max_idle_ns: 440795206796 ns
[    1.568207] platform rtc_cmos: registered platform RTC device (no PNP device found)
[    1.621944] Scanning for low memory corruption every 60 seconds
[    1.639611] Initialise system trusted keyrings
[    1.660879] Key type blacklist registered
[    1.682032] workingset: timestamp_bits=36 max_order=20 bucket_order=0
[    1.699910] zbud: loaded
[    1.713006] squashfs: version 4.0 (2009/01/31) Phillip Lougher
[    1.737050] fuse init (API version 7.26)
[    1.750811] Key type asymmetric registered
[    1.752359] Asymmetric key parser 'x509' registered
[    1.755748] Block layer SCSI generic (bsg) driver version 0.4 loaded (major 246)
[    1.768365] io scheduler noop registered
[    1.806149] io scheduler deadline registered
[    1.815872] io scheduler cfq registered (default)
[    1.818821] ACPI: AC Adapter [AC] (on-line)
[    1.822658] input: Power Button as /devices/LNXSYSTM:00/LNXPWRBN:00/input/input0
[    1.827765] ACPI: Power Button [PWRF]
[    1.830292] input: Sleep Button as /devices/LNXSYSTM:00/LNXSLPBN:00/input/input1
[    1.865359] ACPI: Sleep Button [SLPF]
[    1.873579] Serial: 8250/16550 driver, 32 ports, IRQ sharing enabled
[    1.877959] ACPI: Battery Slot [BAT0] (battery present)
[    1.971182] 00:02: ttyS0 at I/O 0x3f8 (irq = 4, base_baud = 115200) is a 16550A
[    1.985040] Linux agpgart interface v0.103
[    2.007640] loop: module loaded
[    2.012451] scsi host0: ata_piix
[    2.029302] scsi host1: ata_piix
[    2.037151] ata1: PATA max UDMA/33 cmd 0x1f0 ctl 0x3f6 bmdma 0xd000 irq 14
[    2.054507] ata2: PATA max UDMA/33 cmd 0x170 ctl 0x376 bmdma 0xd008 irq 15
[    2.108408] libphy: Fixed MDIO Bus: probed
[    2.132262] tun: Universal TUN/TAP device driver, 1.6
[    2.134177] PPP generic driver version 2.4.2
[    2.151575] ehci_hcd: USB 2.0 'Enhanced' Host Controller (EHCI) Driver
[    2.167620] ehci-pci: EHCI PCI platform driver
[    2.172189] ehci-platform: EHCI generic platform driver
[    2.181026] ohci_hcd: USB 1.1 'Open' Host Controller (OHCI) Driver
[    2.200682] ohci-pci: OHCI PCI platform driver
[    2.205440] ohci-platform: OHCI generic platform driver
[    2.215834] uhci_hcd: USB Universal Host Controller Interface driver
[    2.233362] i8042: PNP: PS/2 Controller [PNP0303:PS2K,PNP0f03:PS2M] at 0x60,0x64 irq 1,12
[    2.253975] serio: i8042 KBD port at 0x60,0x64 irq 1
[    2.268724] serio: i8042 AUX port at 0x60,0x64 irq 12
[    2.290354] mousedev: PS/2 mouse device common for all mice
[    2.325530] input: AT Translated Set 2 keyboard as /devices/platform/i8042/serio0/input/input2
[    2.353662] rtc_cmos rtc_cmos: rtc core: registered rtc_cmos as rtc0
[    2.356640] rtc_cmos rtc_cmos: alarms up to one day, 114 bytes nvram
[    2.358857] i2c /dev entries driver
[    2.365229] device-mapper: uevent: version 1.0.3
[    2.367225] device-mapper: ioctl: 4.37.0-ioctl (2017-09-20) initialised: dm-devel@redhat.com
[    2.385146] ledtrig-cpu: registered to indicate activity on CPUs
[    2.421994] NET: Registered protocol family 10
[    2.452915] Segment Routing with IPv6
[    2.463342] NET: Registered protocol family 17
[    2.464650] Key type dns_resolver registered
[    2.497862] mce: Using 0 MCE banks
[    2.510153] RAS: Correctable Errors collector initialized.
[    2.522261] sched_clock: Marking stable (2522227598, 0)->(14101787480, -11579559882)
[    2.537385] registered taskstats version 1
[    2.540337] Loading compiled-in X.509 certificates
[    2.551635] Loaded X.509 cert 'Build time autogenerated kernel key: 51c91b167e8daada285dd448a981da05683ebd03'
[    2.558160] Loaded X.509 cert 'Canonical Ltd. Live Patch Signing: 14df34d1a87cf37625abec039ef2bf521249b969'
[    2.565519] Loaded X.509 cert 'Canonical Ltd. Kernel Module Signing: 88f752e560a1e0737e31163a466ad7b70a850c19'
[    2.583106] blacklist: Loading compiled-in revocation X.509 certificates
[    2.585990] Loaded X.509 cert 'Canonical Ltd. Secure Boot Signing: 61482aa2830d0ab2ad5af10b7250da9033ddcef0'
[    2.606635] zswap: loaded using pool lzo/zbud
[    2.624902] Key type big_key registered
[    2.645929] Key type trusted registered
[    2.670901] Key type encrypted registered
[    2.676778] AppArmor: AppArmor sha1 policy hashing enabled
[    2.705431] ima: No TPM chip found, activating TPM-bypass! (rc=-19)
[    2.720904] ima: Allocated hash algorithm: sha1
[    2.736833] evm: HMAC attrs: 0x1
[    2.757047]   Magic number: 10:324:214
[    2.776894] rtc_cmos rtc_cmos: setting system clock to 2022-02-22 05:12:05 UTC (1645506725)
[    2.807464] BIOS EDD facility v0.16 2004-Jun-25, 0 devices found
[    2.811757] EDD information not available.
[    2.835526] Freeing unused kernel image memory: 2476K
[    2.888220] Write protecting the kernel read-only data: 20480k
[    2.903571] Freeing unused kernel image memory: 2008K
[    2.906137] Freeing unused kernel image memory: 1820K
[    2.916788] x86/mm: Checked W+X mappings: passed, no W+X pages found.
[    2.969549] x86/mm: Checking user space page tables
[    3.012919] x86/mm: Checked W+X mappings: passed, no W+X pages found.
Loading, please wait...
starting version 237
[    4.310721] e1000: Intel(R) PRO/1000 Network Driver - version 7.3.21-k8-NAPI
[    4.314080] e1000: Copyright (c) 1999-2006 Intel Corporation.
[    4.323539] Fusion MPT base driver 3.04.20
[    4.344477] Copyright (c) 1999-2008 LSI Corporation
[    4.389531] AVX2 version of gcm_enc/dec engaged.
[    4.401867] AES CTR mode by8 optimization enabled
[    4.411531] Fusion MPT SPI Host driver 3.04.20
[    4.612732] input: ImExPS/2 Generic Explorer Mouse as /devices/platform/i8042/serio1/input/input4
[    4.856876] e1000 0000:00:03.0 eth0: (PCI:33MHz:32-bit) 02:e8:64:37:14:18
[    5.498688] e1000 0000:00:03.0 eth0: Intel(R) PRO/1000 Network Connection
[    6.222776] mptbase: ioc0: Initiating bringup
[    6.902321] ioc0: LSI53C1030 A0: Capabilities={Initiator}
[    8.581150] scsi host2: ioc0: LSI53C1030 A0, FwRev=00000000h, Ports=1, MaxQ=256, IRQ=20
[   10.493033] scsi 2:0:0:0: Direct-Access     VBOX     HARDDISK         1.0  PQ: 0 ANSI: 5
[   11.464107] scsi target2:0:0: Beginning Domain Validation
[   11.491003] scsi target2:0:0: Domain Validation skipping write tests
[   11.518183] scsi target2:0:0: Ending Domain Validation
[   11.543695] scsi target2:0:0: asynchronous
[   11.568664] scsi 2:0:1:0: Direct-Access     VBOX     HARDDISK         1.0  PQ: 0 ANSI: 5
[   11.831039] scsi target2:0:1: Beginning Domain Validation
[   11.858640] e1000 0000:00:08.0 eth1: (PCI:33MHz:32-bit) 08:00:27:97:b0:26
[   11.872463] random: fast init done
[   11.877169] e1000 0000:00:08.0 eth1: Intel(R) PRO/1000 Network Connection
[   11.880473] scsi target2:0:1: Domain Validation skipping write tests
[   11.889633] random: systemd-udevd: uninitialized urandom read (16 bytes read)
[   11.889641] random: systemd-udevd: uninitialized urandom read (16 bytes read)
[   11.889657] random: systemd-udevd: uninitialized urandom read (16 bytes read)
[   11.978168] e1000 0000:00:03.0 enp0s3: renamed from eth0
[   11.997418] scsi target2:0:1: Ending Domain Validation
[   12.046473] scsi target2:0:1: asynchronous
[   12.077345] scsi 2:0:2:0: Direct-Access     VBOX     HARDDISK         1.0  PQ: 0 ANSI: 5
[   12.089058] e1000 0000:00:08.0 enp0s8: renamed from eth1
[   12.172461] scsi target2:0:2: Beginning Domain Validation
[   12.199693] scsi target2:0:2: Domain Validation skipping write tests
[   12.214179] scsi target2:0:2: Ending Domain Validation
[   12.216538] scsi target2:0:2: asynchronous
[   12.228129] sd 2:0:0:0: [sda] 83886080 512-byte logical blocks: (42.9 GB/40.0 GiB)
[   12.236274] sd 2:0:0:0: Attached scsi generic sg0 type 0
[   12.246869] sd 2:0:0:0: [sda] Write Protect is off
[   12.248485] sd 2:0:1:0: Attached scsi generic sg1 type 0
[   12.248658] sd 2:0:2:0: Attached scsi generic sg2 type 0
[   12.267532] sd 2:0:0:0: [sda] Incomplete mode parameter data
[   12.269925] sd 2:0:0:0: [sda] Assuming drive cache: write through
[   12.269965] sd 2:0:2:0: [sdc] 41943040 512-byte logical blocks: (21.5 GB/20.0 GiB)
[   12.291120] sd 2:0:1:0: [sdb] 20480 512-byte logical blocks: (10.5 MB/10.0 MiB)
[   12.302264] sd 2:0:2:0: [sdc] Write Protect is off
[   12.302442] sd 2:0:1:0: [sdb] Write Protect is off
[   12.309902] sd 2:0:1:0: [sdb] Incomplete mode parameter data
[   12.309945] sd 2:0:2:0: [sdc] Incomplete mode parameter data
[   12.312000] sd 2:0:1:0: [sdb] Assuming drive cache: write through
[   12.315163] sd 2:0:2:0: [sdc] Assuming drive cache: write through
[   12.322012]  sda: sda1
[   12.325540] sd 2:0:0:0: [sda] Attached SCSI disk
[   12.359538] sd 2:0:1:0: [sdb] Attached SCSI disk
[   12.361125] sd 2:0:2:0: [sdc] Attached SCSI disk
Begin: Loading essential drivers ... [   13.845393] raid6: sse2x1   gen() 10415 MB/s
[   13.924105] raid6: sse2x1   xor()  7300 MB/s
[   13.992330] raid6: sse2x2   gen() 12139 MB/s
[   14.056324] raid6: sse2x2   xor()  8027 MB/s
[   14.131892] raid6: sse2x4   gen() 15527 MB/s
[   14.198345] raid6: sse2x4   xor()  9436 MB/s
[   14.261360] raid6: avx2x1   gen() 19867 MB/s
[   14.328531] raid6: avx2x1   xor() 13214 MB/s
[   14.392147] raid6: avx2x2   gen() 22981 MB/s
[   14.456389] raid6: avx2x2   xor() 14130 MB/s
[   14.520209] raid6: avx2x4   gen() 24057 MB/s
[   14.572263] raid6: avx2x4   xor() 13621 MB/s
[   14.576185] raid6: using algorithm avx2x4 gen() 24057 MB/s
[   14.585946] raid6: .... xor() 13621 MB/s, rmw enabled
[   14.601205] raid6: using avx2x2 recovery algorithm
[   14.607253] xor: automatically using best checksumming function   avx       
[   14.643083] async_tx: api initialized (async)
done.
Begin: Running /scripts/init-premount ... done.
Begin: Mounting root file system ... Begin: Running /scripts/local-top ... done.
Begin: Running /scripts/local-premount[   14.720702] Btrfs loaded, crc32c=crc32c-intel
 ... Scanning for Btrfs filesystems
done.
Warning: fsck not present, so skipping root file[   14.786423] EXT4-fs (sda1): mounted filesystem with ordered data mode. Opts: (null)
 system
done.
Begin: Running /scripts/local-bottom ... done.
Begin: Running /scripts/init-bottom ... done.
[   14.956976] ip_tables: (C) 2000-2006 Netfilter Core Team
[   14.994319] systemd[1]: systemd 237 running in system mode. (+PAM +AUDIT +SELINUX +IMA +APPARMOR +SMACK +SYSVINIT +UTMP +LIBCRYPTSETUP +GCRYPT +GNUTLS +ACL +XZ +LZ4 +SECCOMP +BLKID +ELFUTILS +KMOD -IDN2 +IDN -PCRE2 default-hierarchy=hybrid)
[   14.999420] systemd[1]: Detected virtualization oracle.
[   15.000761] systemd[1]: Detected architecture x86-64.

Welcome to [1mUbuntu 18.04.6 LTS[0m!

[   15.037259] systemd[1]: Set hostname to <ubuntu>.
[   15.079261] systemd[1]: Initializing machine ID from random generator.
[   15.081123] systemd[1]: Installed transient /etc/machine-id file.
[   15.309227] systemd[1]: Created slice System Slice.
[[0;32m  OK  [0m] Created slice System Slice.
[   15.336258] systemd[1]: Listening on fsck to fsckd communication Socket.
[[0;32m  OK  [0m] Listening on fsck to fsckd communication Socket.
[   15.397882] systemd[1]: Listening on Network Service Netlink Socket.
[[0;32m  OK  [0m] Listening on Network Service Netlink Socket.
[   15.440465] systemd[1]: Listening on udev Control Socket.
[[0;32m  OK  [0m] Listening on udev Control Socket.
[[0;32m  OK  [0m] Reached target User and Group Name Lookups.
[[0;32m  OK  [0m] Created slice User and Session Slice.
[[0;32m  OK  [0m] Reached target Slices.
[[0;32m  OK  [0m] Listening on Journal Audit Socket.
[[0;32m  OK  [0m] Listening on /dev/initctl Compatibility Named Pipe.
[[0;32m  OK  [0m] Started Forward Password Requests to Wall Directory Watch.
[[0;32m  OK  [0m] Reached target System Time Synchronized.
[[0;32m  OK  [0m] Listening on Journal Socket (/dev/log).
[[0;32m  OK  [0m] Listening on Syslog Socket.
[[0;32m  OK  [0m] Listening on Journal Socket.
         Starting Journal Service...
         Starting Uncomplicated firewall...
         Starting File System Check on Root Device...
         Mounting Huge Pages File System...
         Mounting Kernel Debug File System...
         Starting Set the console keyboard layout...
[[0;32m  OK  [0m] Reached target Swap.
[[0;32m  OK  [0m] Set up automount Arbitrary Executabâ€¦rmats File System Automount Point.
[[0;32m  OK  [0m] Listening on Device-mapper event daemon FIFOs.
[[0;32m  OK  [0m] Listening on LVM2 poll daemon socket.
         Starting Create list of required stâ€¦ce nodes for the current kernel...
         Starting Load Kernel Modules...
[[0;32m  OK  [0m] Listening on LVM2 metadata daemon socket.
         Starting Monitoring of LVM2 mirrorsâ€¦ng dmeventd or progress polling...
         Mounting POSIX Message Queue File System...
[[0;32m  OK  [0m] Created slice system-serial\[   15.842816] Loading iSCSI transport class v2.0-870.
x2dgetty.slice.
[[0;32m  OK  [0m] Listening on udev Kernel Socket.
         Starting udev Coldplug all Devices...
[[0;32m  OK  [0m] Started Journal Service.
[   15.902778] iscsi: registered transport (tcp)
[[0;32m  OK  [0m] Started Uncomplicated firewall.
[[0;32m  OK  [0m] Started File System Check on Root Device.
[[0;32m  OK  [0[   15.925564] iscsi: registered transport (iser)
m] Mounted Huge Pages File System.
[[0;32m  OK  [0m] Mounted Kernel Debug File System.
[[0;32m  OK  [0m] Started Create list of required staâ€¦vice nodes for the current kernel.
[[0;32m  OK  [0m] Started Load Kernel Modules.
[[0;32m  OK  [0m] Mounted POSIX Message Queue File System.
[[0;32m  OK  [0m] Started LVM2 metadata daemon.
[[0;32m  OK  [0m] Started File System Check Daemon to report status.
         Mounting FUSE Control File System...
         Starting Apply Kernel Variables...
         Mounting Kernel [   16.034880] random: crng init done
Configuration Fi[   16.052588] random: 7 urandom warning(s) missed due to ratelimiting
le System...
         Starting Create Static Device Nodes in /dev...
         Starting Remount Root and Kernel File Systems...
[[0;32m  OK  [0m] Started Monitoring of LVM2 mirrors,â€¦sing dmeventd or progress polling.
[[0;32m  OK  [0m] Mounted FUSE Control File System.
[[0;32m  OK  [0m] Started Apply Kernel Variables.
[[0;32m  OK  [0m] Mounted Kernel Configuration File System.
[[0;32m  OK  [0m] Started Create Static Device Nodes in /dev.
[[0;32m  OK  [0m] Started Remount Root and Kernel File Systems.
[[0;32m  OK  [0m] Started udev Coldplug all Devices.
         Starting Load/Save Random Seed...
         Starting Flush Journal to Persistent Storage...
         Starting udev Kernel Device Manager...
[[0;32m  OK  [0m] Started Load/Save Random Seed.
[[0;32m  OK  [0m] Started udev Kernel Device Manager.
[[0;32m  OK  [0m] Started Flush Journal to Persistent Storage.
[[0;32m  OK  [0m] Found device /dev/ttyS0.
[[0;32m  OK  [0m] Listening on Load/Save RF Kill Switch Status /dev/rfkill Watch.
[[0;32m  OK  [0m] Started Set the console keyboard layout.
[[0;32m  OK  [0m] Reached target Local File Systems (Pre).
[[0;32m  OK  [0m] Reached target Local File Systems.
         Starting ebtables ruleset management...
         Starting Set console font and keymap...
         Starting Create Volatile Files and Directories...
         Starting Commit a transient machine-id on disk...
         Starting AppArmor initialization...
         Starting Tell Plymouth To Write Out Runtime Data...
[[0;32m  OK  [0m] Started Dispatch Password Requests to Console Directory Watch.
[[0;32m  OK  [0m] Reached target Local Encrypted Volumes.
[[0;32m  OK  [0m] Started Set console font and keymap.
[[0;32m  OK  [0m] Started Create Volatile Files and Directories.
[[0;32m  OK  [0m] Started Commit a transient machine-id on disk.
[[0;32m  OK  [0m] Started Tell Plymouth To Write Out Runtime Data.
         Starting Update UTMP about System Boot/Shutdown...
[[0;32m  OK  [0m] Started ebtables ruleset management.
[[0;32m  OK  [0m] Started Update UTMP about System Boot/Shutdown.
[[0;32m  OK  [0m] Started AppArmor initialization.
         Starting Load AppArmor profiles managed internally by snapd...
         Starting Initial cloud-init job (pre-networking)...
[[0;32m  OK  [0m] Started Load AppArmor profiles managed internally by snapd.
[   18.837360] cloud-init[680]: Cloud-init v. 21.4-0ubuntu1~18.04.1 running 'init-local' at Tue, 22 Feb 2022 05:12:21 +0000. Up 18.44 seconds.
[[0;32m  OK  [0m] Started Initial cloud-init job (pre-networking).
[[0;32m  OK  [0m] Reached target Network (Pre).
         Starting Network Service...
[[0;32m  OK  [0m] Started Network Service.
         Starting Wait for Network to be Configured...
         Starting Network Name Resolution...
[[0;32m  OK  [0m] Started Network Name Resolution.
[[0;32m  OK  [0m] Reached target Network.
[[0;32m  OK  [0m] Reached target Host and Network Name Lookups.
[[0;32m  OK  [0m] Started Wait for Network to be Configured.
         Starting Initial cloud-init job (metadata service crawler)...
[   20.808491] cloud-init[789]: Cloud-init v. 21.4-0ubuntu1~18.04.1 running 'init' at Tue, 22 Feb 2022 05:12:23 +0000. Up 20.68 seconds.
[   20.856329] cloud-init[789]: ci-info: ++++++++++++++++++++++++++++++++++++++Net device info+++++++++++++++++++++++++++++++++++++++
[   20.876297] cloud-init[789]: ci-info: +--------+-------+----------------------------+---------------+--------+-------------------+
[   20.912800] cloud-init[789]: ci-info: | Device |   Up  |          Address           |      Mask     | Scope  |     Hw-Address    |
[   20.935924] cloud-init[789]: ci-info: +--------+-------+----------------------------+---------------+--------+-------------------+
[   20.943228] cloud-init[789]: ci-info: | enp0s3 |  True |         10.0.2.15          | 255.255.255.0 | global | 02:e8:64:37:14:18 |
[   20.950763] cloud-init[789]: ci-info: | enp0s3 |  True | fe80::e8:64ff:fe37:1418/64 |       .       |  link  | 02:e8:64:37:14:18 |
[   20.964291] cloud-init[789]: ci-info: | enp0s8 | False |             .              |       .       |   .    | 08:00:27:97:b0:26 |
[   20.969120] cloud-init[789]: ci-info: |   lo   |  True |         127.0.0.1          |   255.0.0.0   |  host  |         .         |
[   20.980225] cloud-init[789]: ci-info: |   lo   |  True |          ::1/128           |       .       |  host  |         .         |
[   20.982829] cloud-init[789]: ci-info: +--------+-------+----------------------------+---------------+--------+-------------------+
[   20.985422] cloud-init[789]: ci-info: ++++++++++++++++++++++++++++Route IPv4 info+++++++++++++++++++++++++++++
[   20.995689] cloud-init[789]: ci-info: +-------+-------------+----------+-----------------+-----------+-------+
[   21.001237] cloud-init[789]: ci-info: | Route | Destination | Gateway  |     Genmask     | Interface | Flags |
[   21.005015] cloud-init[789]: ci-info: +-------+-------------+----------+-----------------+-----------+-------+
[   21.008675] cloud-init[789]: ci-info: |   0   |   0.0.0.0   | 10.0.2.2 |     0.0.0.0     |   enp0s3  |   UG  |
[   21.013307] cloud-init[789]: ci-info: |   1   |   10.0.2.0  | 0.0.0.0  |  255.255.255.0  |   enp0s3  |   U   |
[   21.020202] cloud-init[789]: ci-info: |   2   |   10.0.2.2  | 0.0.0.0  | 255.255.255.255 |   enp0s3  |   UH  |
[   21.022561] cloud-init[789]: ci-info: +-------+-------------+----------+-----------------+-----------+-------+
[   21.048353] cloud-init[789]: ci-info: +++++++++++++++++++Route IPv6 info+++++++++++++++++++
[   21.060784] cloud-init[789]: ci-info: +-------+-------------+---------+-----------+-------+
[   21.075476] cloud-init[789]: ci-info: | Route | Destination | Gateway | Interface | Flags |
[   21.079842] cloud-init[789]: ci-info: +-------+-------------+---------+-----------+-------+
[   21.114287] cloud-init[789]: ci-info: |   1   |  fe80::/64  |    ::   |   enp0s3  |   U   |
[   21.116368] cloud-init[789]: ci-info: |   3   |    local    |    ::   |   enp0s3  |   U   |
[   21.144776] cloud-init[789]: ci-info: |   4   |   ff00::/8  |    ::   |   enp0s3  |   U   |
[   21.185936] cloud-init[789]: ci-info: +-------+-------------+---------+-----------+-------+
[   21.782240] cloud-init[789]: Generating public/private rsa key pair.
[   21.812563] cloud-init[789]: Your identification has been saved in /etc/ssh/ssh_host_rsa_key.
[[0;32m  OK  [0m] Started Initial cloud-init job (metadata service crawler).
[   21.837109] cloud-init[789]: Your public key has been saved in /etc/ssh/ssh_host_rsa_key.pub.
[[0;32m  OK  [0m] Reached target Network is Online.
[   21.893518] [cloud-init[0;32m  OK  [0m[789]: ] The key fingerprint is:Reached target Remote File Systems (Pre).

[[0;32m  OK  [0m] Reached target Remote File Systems.
[   21.957283] cloud-init         [789]: Starting Availability of block devices...SHA256:/8dQ+wj0ddg4WZjQmy0yz8fnTXoygsMyNqZx4PyBAbg root@ubuntu-bionic

[[0;32m  OK  [0m] Reached target System Initialization.
[   22.021156] cloud-init[789]: The key's randomart image is:
[[0;32m  OK  [0m] Started Discard unused blocks once a week.
[   22.049109] [[0;32m  OK  [0m] Started Trigger to poll for Ubuntu â€¦(Only enabled on GCP LTS non-pro).
cloud-init[789]: +---[RSA 2048]----+
[[0;32m  OK  [0m] Started ACPI Events Check.
[   22.141020] cloud-init[789]: |            .o o |
[   22.172881]          cloud-initStarting LXD - unix socket.[789]: 
|   .          + .|
[[0;32m  OK  [0m] Reached target Paths.
[   22.212632] cloud-init[789]: |  . .          X |
[[0;32m  OK  [0m] Listening on UUID daemon activation socket.
[   22.242774] cloud-init[789]: |   . .      + X =|
[[0;32m  OK  [0m] Listening on Open-iSCSI iscsid Socket.
[   22.267400] cloud-init[789]: |  E   o S  . B *.|
[[0;32m  OK  [0m] Started Message of the Day.
[   22.301505] [[0;32m  OK  [0m] Listening on ACPID Listen Socket.
[[0;32m  OK  [0m] Listening on D-Bus System Message Bus Socket.
cloud-init[789]: |     o + .  o = =|
[[0;32m  OK  [0m] Started Daily Cleanup of Temporary Directories.
[   22.397189] cloud-init[789]: |      = o... + Bo|
[[0;32m  OK  [0m] Started Daily apt download activities.
[   22.437935] cloud-init[789]: |       +*.+.. B =|
[[0;32m  OK  [0m] Started Daily apt upgrade and clean activities.
[[0;32m  OK  [0m] Started Ubuntu Advantage Timer for running repeated jobs.
[   22.462424] cloud-init[789]: [|      .+.+ ..o + |[0;32m  OK  [0m
] Reached target Timers.
[   22.561228]          cloud-initStarting Socket activation for snappy daemon.[789]: 
+----[SHA256]-----+
[[0;32m  OK  [0m] Listening on cloud-init hotplug hook socket.
[[0;32m  OK  [0m] Reached target Cloud-config availability.
[[0;32m  OK  [0m] Started Availability of block devices.
[   22.592512] cloud-init[789]: Generating public/private dsa key pair.
[[0;32m  OK  [0m] Listening on LXD - unix socket.
[   22.672658] [cloud-init[0;32m  OK  [0m[789]: ] Your identification has been saved in /etc/ssh/ssh_host_dsa_key.Listening on Socket activation for snappy daemon.

[[0;32m  OK  [0m] Reached target Sockets.
[   22.740634] cloud-init[789]: Your public key has been saved in /etc/ssh/ssh_host_dsa_key.pub.
[[0;32m  OK  [0m] Reached target Basic System.
[   22.772575] cloud-init[789]: The key fingerprint is:
         Starting Dispatcher daemon for systemd-networkd...
[   22.812980] cloud-init[789]: SHA256:v7f5T/ypmoN3rLiEJTtTka4g1uOYfst8QrpDpWCyoFw root@ubuntu-bionic
[[0;32m  OK  [0m] Started irqbalance daemon.
[   22.880932] cloud-init[789]: The key's randomart image is:
         Starting Pollinate to seed the pseudo random number generator...
[   22.920350] cloud-init[789]: +---[DSA 1024]----+
         Starting Accounts Service...
[   22.968429] cloud-init[789]: |                 |
         Starting Login Service...
[   22.996531] cloud-init[789]: |          .      |
         Starting System Logging Service...
[   23.032416] cloud-init[789]: |         o       |
         Starting LSB: automatic crash report generation...
[   23.063842] cloud-init[789]: |oo E..  . .      |
[[0;32m  OK  [0m] Started D-Bus System Message Bus.
[   23.076846] cloud-init[789]: |*.ooo+ .S+       |
[[0;32m  OK  [0m] Started Login Service.
[   23.102084] cloud-init[789]: |o..o=.o B.     . |
[[0;32m  OK  [0m] Started Unattended Upgrades Shutdown.
[   23.126275] cloud-init[789]: |  .oo. * .o .   o|
         Starting LXD - container startup/shutdown...
[   23.156746] cloud-init[789]: |  .ooo .+..+o+ .o|
[   23.161050] cloud-init[789]: |   o+++  o+=B+ooo|
         Starting LSB: Record successful boot for GRUB...
[   23.176427] cloud-init[789]: +----[SHA256]-----+
[[0;32m  OK  [0m] Started FUSE filesystem for LXC.
[   23.208735] cloud-init[789]: Generating public/private ecdsa key pair.
         Starting Permit User Sessions...
[   23.256978] cloud-init[789]: Your identification has been saved in /etc/ssh/ssh_host_ecdsa_key.
[[0;32m  OK  [0m] Started Deferred execution scheduler.
[   23.309817] cloud-init[789]: Your public key has been saved in /etc/ssh/ssh_host_ecdsa_key.pub.
         Starting Virtualbox guest utils...
[   23.358762] cloud-init[789]: The key fingerprint is:
[   23.400155] cloud-init[789]: SHA256:x7dDxHHiOtEw/LX/LIIg6x+y6ohyqOxpOlTU00tSejw root@ubuntu-bionic
         [   23.424224] cloud-init[789]: The key's randomart image is:
[   23.424372] cloud-init[789]: +---[ECDSA 256]---+
[   23.424460] cloud-init[789]: |    . o. .o o .  |
[   23.424508] cloud-init[789]: |   . +oo  .* +.  |
[   23.424544] cloud-init[789]: |  .  .+E. ..=. . |
[   23.424582] cloud-init[789]: |   .  .... +. .  |
[   23.424621] cloud-init[789]: |  .     S = o  . |
[   23.424666] cloud-init[789]: | .    . .. + .  .|
[   23.424705] cloud-init[789]: |..    .o.. .o  ..|
[   23.424740] cloud-init[789]: |=oo.  .o .. ... o|
[   23.424777] cloud-init[789]: |X*..ooo..    . . |
[   23.424815] cloud-init[789]: +----[SHA256]-----+
[   23.424850] cloud-init[789]: Generating public/private ed25519 key pair.
[   23.424888] cloud-init[789]: Your identification has been saved in /etc/ssh/ssh_host_ed25519_key.
[   23.424927] cloud-init[789]: Your public key has been saved in /etc/ssh/ssh_host_ed25519_key.pub.
[   23.424965] cloud-init[789]: The key fingerprint is:
[   23.425008] cloud-init[789]: SHA256:gKq1u6y8JMPFzwNCboPWoDewrGRcWsyME7+xKTVdTFI root@ubuntu-bionic
[   23.425049] cloud-init[789]: The key's randomart image is:
[   23.425087] cloud-init[789]: +--[ED25519 256]--+
[   23.425124] cloud-init[789]: | .   .+E         |
[   23.425224] cloud-init[789]: |  B ..o.         |
[   23.425290] cloud-init[789]: |.= @...          |
[   23.425460] cloud-init[789]: |BoX.*  .         |
[   23.425859] cloud-init[789]: |+&=O    S        |
[   23.425910] cloud-init[789]: |B+=o+            |
[   23.425979] cloud-init[789]: |=o.  +           |
[   23.426080] cloud-init[789]: |+o .  .          |
[   23.426589] cloud-init[789]: |.+=.             |
[   23.426636] cloud-init[789]: +----[SHA256]-----+
Starting Snap Daemon...
[[0;32m  OK  [0m] Started Regular background program processing daemon.
[[0;32m  OK  [0m] Started System Logging Service.
[[0;32m  OK  [0m] Started Dispatcher daemon for systemd-networkd.
[[0;32m  OK  [0m] Started Snap Daemon.
[[0;32m  OK  [0m] Started LXD - container startup/shutdown.
[[0;32m  OK  [0m] Started Permit User Sessions.
         Starting Authorization Manager...
         Starting Hold until boot process finishes up...
         Starting Terminate Plymouth Boot Screen...
         Starting Wait until snapd is fully seeded...
[[0;32m  OK  [0m] Started Hold until boot process finishes up.
[[0;32m  OK  [0m] Started Terminate Plymouth Boot Screen.
[[0;32m  OK  [0m] Started Serial Getty on ttyS0.
         Starting Set console scheme...
[[0;32m  OK  [0m] Started LSB: automatic crash report generation.
[[0;32m  OK  [0m] Started Set console scheme.
[[0;32m  OK  [0m] Created slice system-getty.slice.
[[0;32m  OK  [0m] Started Getty on tty1.
[[0;32m  OK  [0m] Reached target Login Prompts.
[[0;32m  OK  [0m] Started LSB: Record successful boot for GRUB.
[[0;32m  OK  [0m] Started Virtualbox guest utils.
[[0;32m  OK  [0m] Started Authorization Manager.
[[0;32m  OK  [0m] Started Accounts Service.
[[0;32m  OK  [0m] Started Pollinate to seed the pseudo random number generator.
         Starting OpenBSD Secure Shell server...
[[0;32m  OK  [0m] Started OpenBSD Secure Shell server.
[[0;32m  OK  [0m] Started Wait until snapd is fully seeded.
         Starting Apply the settings specified in cloud-config...
[[0;32m  OK  [0m] Reached target Multi-User System.
[[0;32m  OK  [0m] Reached target Graphical Interface.
         Starting Update UTMP about System Runlevel Changes...
[[0;32m  OK  [0m] Started Update UTMP about System Runlevel Changes.
[   26.953248] cloud-init[1355]: Cloud-init v. 21.4-0ubuntu1~18.04.1 running 'modules:config' at Tue, 22 Feb 2022 05:12:29 +0000. Up 26.56 seconds.
[[0;32m  OK  [0m] Started Apply the settings specified in cloud-config.
         Starting Execute cloud user/final scripts...
ci-info: no authorized SSH keys fingerprints found for user ubuntu.
<14>Feb 22 05:12:30 cloud-init: #############################################################
<14>Feb 22 05:12:30 cloud-init: -----BEGIN SSH HOST KEY FINGERPRINTS-----
<14>Feb 22 05:12:30 cloud-init: 1024 SHA256:v7f5T/ypmoN3rLiEJTtTka4g1uOYfst8QrpDpWCyoFw root@ubuntu-bionic (DSA)
<14>Feb 22 05:12:30 cloud-init: 256 SHA256:x7dDxHHiOtEw/LX/LIIg6x+y6ohyqOxpOlTU00tSejw root@ubuntu-bionic (ECDSA)
<14>Feb 22 05:12:30 cloud-init: 256 SHA256:gKq1u6y8JMPFzwNCboPWoDewrGRcWsyME7+xKTVdTFI root@ubuntu-bionic (ED25519)
<14>Feb 22 05:12:30 cloud-init: 2048 SHA256:/8dQ+wj0ddg4WZjQmy0yz8fnTXoygsMyNqZx4PyBAbg root@ubuntu-bionic (RSA)
<14>Feb 22 05:12:30 cloud-init: -----END SSH HOST KEY FINGERPRINTS-----
<14>Feb 22 05:12:30 cloud-init: #############################################################
-----BEGIN SSH HOST KEY KEYS-----
ecdsa-sha2-nistp256 AAAAE2VjZHNhLXNoYTItbmlzdHAyNTYAAAAIbmlzdHAyNTYAAABBBNz8EVt+uJA/NNDnaoOskjtPwXastX9Nxs9uZUJvAPLKi6ydi8nyzHuir8cP8rvsfyIO0zppIJV4hi8rQXa0hNI= root@ubuntu-bionic
ssh-ed25519 AAAAC3NzaC1lZDI1NTE5AAAAICKX5w2UWT2kmSyGfh9Zy6ggbsO+vPyb5Rf4ZPGXmyQL root@ubuntu-bionic
ssh-rsa AAAAB3NzaC1yc2EAAAADAQABAAABAQDFd7jh8LVFRcKRu99XweymWKWqHiXOW1nvFv9Y47Za66VfAYH3TnGNQ1enei1E1Gch9XqJeg8QbDttZddgkdfDSIEWe9hxNhNqqOF5Oi9uk+dwTkeJQTJjzzwhaCfkqkvXVRWW1QxJ8pdpRYsxaUR0vLKYzif5lqpu6Sn66R1jQ4fFmyMgqJLu9RDVUhbyYZr/W3EsKDQMkbsucxkankySK9Bm7CP90nHXKU8T8wt1LSEMU8ZmMgeooCY6GFN/S0Ml3bHEcCrnh0eq2sVHdV5Xvc4DfFaB8tgpr1999k6zAN0vUfk1Xh9B+WywTxTCX3o0RZHadVaWrWMlblLaugR9 root@ubuntu-bionic
-----END SSH HOST KEY KEYS-----
[   27.766574] cloud-init[1410]: Cloud-init v. 21.4-0ubuntu1~18.04.1 running 'modules:final' at Tue, 22 Feb 2022 05:12:30 +0000. Up 27.42 seconds.
[[0;32m  OK  [0m] Started Execute cloud user/final scripts.
[   27.831240] cloud-init[1410]: ci-info: no authorized SSH keys fingerprints found for user ubuntu.
[   27.888777] cloud-init[1410]: Cloud-init v. 21.4-0ubuntu1~18.04.1 finished at Tue, 22 Feb 2022 05:12:30 +0000. Datasource DataSourceNoCloud [seed=/dev/sdb][dsmode=net].  Up 27.75 seconds
[[0;32m  OK  [0m] Reached target Cloud-init target.

Ubuntu 18.04.6 LTS ubuntu-bionic ttyS0

ubuntu-bionic login: 